Last login: Sun Sep 19 06:34:52 on ttys000
kejingeng@kejins-MacBook-Pro ~ % pwd
/Users/kejingeng
kejingeng@kejins-MacBook-Pro ~ % cd project/
kejingeng@kejins-MacBook-Pro project % pwd
/Users/kejingeng/project
kejingeng@kejins-MacBook-Pro project % git init fresh-project
hint: Using 'master' as the name for the initial branch. This default branch name
hint: is subject to change. To configure the initial branch name to use in all
hint: of your new repositories, which will suppress this warning, call:
hint: 
hint: 	git config --global init.defaultBranch <name>
hint: 
hint: Names commonly chosen instead of 'master' are 'main', 'trunk' and
hint: 'development'. The just-created branch can be renamed via this command:
hint: 
hint: 	git branch -m <name>
Initialized empty Git repository in /Users/kejingeng/project/fresh-project/.git/
kejingeng@kejins-MacBook-Pro project % ls
fresh-project	starter-web
kejingeng@kejins-MacBook-Pro project % cd fresh-project/
kejingeng@kejins-MacBook-Pro fresh-project % ls
kejingeng@kejins-MacBook-Pro fresh-project % ls -al
total 0
drwxr-xr-x  3 kejingeng  staff   96 Sep 19 06:39 .
drwxr-xr-x  6 kejingeng  staff  192 Sep 19 06:39 ..
drwxr-xr-x  9 kejingeng  staff  288 Sep 19 06:39 .git
kejingeng@kejins-MacBook-Pro fresh-project % cd .git/
kejingeng@kejins-MacBook-Pro .git % ls
HEAD		config		description	hooks		info		objects		refs
kejingeng@kejins-MacBook-Pro .git % pwd
/Users/kejingeng/project/fresh-project/.git
kejingeng@kejins-MacBook-Pro .git % git status
fatal: this operation must be run in a work tree
kejingeng@kejins-MacBook-Pro .git % cd ..
kejingeng@kejins-MacBook-Pro fresh-project % git status
On branch master

No commits yet

nothing to commit (create/copy files and use "git add" to track)
kejingeng@kejins-MacBook-Pro fresh-project % mate hipster.txt
kejingeng@kejins-MacBook-Pro fresh-project % git status
On branch master

No commits yet

Untracked files:
  (use "git add <file>..." to include in what will be committed)
	hipster.txt

nothing added to commit but untracked files present (use "git add" to track)
kejingeng@kejins-MacBook-Pro fresh-project % git add hipster.txt
kejingeng@kejins-MacBook-Pro fresh-project % git status
On branch master

No commits yet

Changes to be committed:
  (use "git rm --cached <file>..." to unstage)
	new file:   hipster.txt

kejingeng@kejins-MacBook-Pro fresh-project % git commit
[master (root-commit) 63d0fc4] Adding new file with hipster ipsum This was done with Text Mate 2
 Committer: kejin geng <kejingeng@kejins-MacBook-Pro.local>
Your name and email address were configured automatically based
on your username and hostname. Please check that they are accurate.
You can suppress this message by setting them explicitly:

    git config --global user.name "Your Name"
    git config --global user.email you@example.com

After doing this, you may fix the identity used for this commit with:

    git commit --amend --reset-author

 1 file changed, 2 insertions(+)
 create mode 100644 hipster.txt
kejingeng@kejins-MacBook-Pro fresh-project % cd ..
kejingeng@kejins-MacBook-Pro project % pwd
/Users/kejingeng/project
kejingeng@kejins-MacBook-Pro project % ls
fresh-project	starter-web
kejingeng@kejins-MacBook-Pro project % rm -rf fresh-project/
kejingeng@kejins-MacBook-Pro project % ls
starter-web
kejingeng@kejins-MacBook-Pro project % unzip ~/Downloads/initializr-verekia-4.0.zip
Archive:  /Users/kejingeng/Downloads/initializr-verekia-4.0.zip
  inflating: initializr/index.html   
  inflating: initializr/css/main.css  
  inflating: initializr/css/bootstrap-theme.css  
  inflating: initializr/css/bootstrap-theme.min.css  
  inflating: initializr/css/bootstrap.css  
  inflating: initializr/css/bootstrap.min.css  
  inflating: initializr/css/bootstrap.css.map  
  inflating: initializr/css/bootstrap-theme.css.map  
  inflating: initializr/fonts/glyphicons-halflings-regular.eot  
  inflating: initializr/fonts/glyphicons-halflings-regular.svg  
  inflating: initializr/fonts/glyphicons-halflings-regular.ttf  
  inflating: initializr/fonts/glyphicons-halflings-regular.woff  
  inflating: initializr/js/vendor/bootstrap.js  
  inflating: initializr/js/vendor/bootstrap.min.js  
  inflating: initializr/js/vendor/npm.js  
  inflating: initializr/robots.txt   
  inflating: initializr/js/main.js   
  inflating: initializr/js/plugins.js  
  inflating: initializr/crossdomain.xml  
  inflating: initializr/js/vendor/modernizr-2.8.3-respond-1.4.2.min.js  
  inflating: initializr/.htaccess    
  inflating: initializr/apple-touch-icon.png  
  inflating: initializr/browserconfig.xml  
  inflating: initializr/tile-wide.png  
  inflating: initializr/tile.png     
  inflating: initializr/js/vendor/jquery-1.11.2.min.js  
  inflating: initializr/404.html     
  inflating: initializr/favicon.ico  
  inflating: initializr/humans.txt   
   creating: initializr/img/
kejingeng@kejins-MacBook-Pro project % ls
initializr	starter-web
kejingeng@kejins-MacBook-Pro project % mv initializr web-project
kejingeng@kejins-MacBook-Pro project % ls
starter-web	web-project
kejingeng@kejins-MacBook-Pro project % cd web-project  
kejingeng@kejins-MacBook-Pro web-project % ls
404.html		browserconfig.xml	css			fonts			img			js			tile-wide.png
apple-touch-icon.png	crossdomain.xml		favicon.ico		humans.txt		index.html		robots.txt		tile.png
kejingeng@kejins-MacBook-Pro web-project % git init
hint: Using 'master' as the name for the initial branch. This default branch name
hint: is subject to change. To configure the initial branch name to use in all
hint: of your new repositories, which will suppress this warning, call:
hint: 
hint: 	git config --global init.defaultBranch <name>
hint: 
hint: Names commonly chosen instead of 'master' are 'main', 'trunk' and
hint: 'development'. The just-created branch can be renamed via this command:
hint: 
hint: 	git branch -m <name>
Initialized empty Git repository in /Users/kejingeng/project/web-project/.git/
kejingeng@kejins-MacBook-Pro web-project % ls -al
total 168
drwxr-xr-x@ 18 kejingeng  staff    576 Sep 19 06:54 .
drwxr-xr-x   6 kejingeng  staff    192 Sep 19 06:52 ..
drwxr-xr-x   9 kejingeng  staff    288 Sep 19 06:54 .git
-rw-r--r--@  1 kejingeng  staff  39014 Sep 19  2021 .htaccess
-rw-r--r--@  1 kejingeng  staff   1272 Sep 19  2021 404.html
-rw-r--r--@  1 kejingeng  staff   3959 Sep 19  2021 apple-touch-icon.png
-rw-r--r--@  1 kejingeng  staff    416 Sep 19  2021 browserconfig.xml
-rw-r--r--@  1 kejingeng  staff    603 Sep 19  2021 crossdomain.xml
drwxr-xr-x@  9 kejingeng  staff    288 Sep 19 06:51 css
-rw-r--r--@  1 kejingeng  staff    766 Sep 19  2021 favicon.ico
drwxr-xr-x@  6 kejingeng  staff    192 Sep 19 06:51 fonts
-rw-r--r--@  1 kejingeng  staff    191 Sep 19  2021 humans.txt
drwxr-xr-x@  2 kejingeng  staff     64 Sep 19  2021 img
-rw-r--r--@  1 kejingeng  staff   5329 Sep 19  2021 index.html
drwxr-xr-x@  5 kejingeng  staff    160 Sep 19 06:51 js
-rw-r--r--@  1 kejingeng  staff     78 Sep 19  2021 robots.txt
-rw-r--r--@  1 kejingeng  staff   1854 Sep 19  2021 tile-wide.png
-rw-r--r--@  1 kejingeng  staff   3482 Sep 19  2021 tile.png
kejingeng@kejins-MacBook-Pro web-project % git add .
kejingeng@kejins-MacBook-Pro web-project % git status
On branch master

No commits yet

Changes to be committed:
  (use "git rm --cached <file>..." to unstage)
	new file:   .htaccess
	new file:   404.html
	new file:   apple-touch-icon.png
	new file:   browserconfig.xml
	new file:   crossdomain.xml
	new file:   css/bootstrap-theme.css
	new file:   css/bootstrap-theme.css.map
	new file:   css/bootstrap-theme.min.css
	new file:   css/bootstrap.css
	new file:   css/bootstrap.css.map
	new file:   css/bootstrap.min.css
	new file:   css/main.css
	new file:   favicon.ico
	new file:   fonts/glyphicons-halflings-regular.eot
	new file:   fonts/glyphicons-halflings-regular.svg
	new file:   fonts/glyphicons-halflings-regular.ttf
	new file:   fonts/glyphicons-halflings-regular.woff
	new file:   humans.txt
	new file:   index.html
	new file:   js/main.js
	new file:   js/plugins.js
	new file:   js/vendor/bootstrap.js
	new file:   js/vendor/bootstrap.min.js
	new file:   js/vendor/jquery-1.11.2.min.js
	new file:   js/vendor/modernizr-2.8.3-respond-1.4.2.min.js
	new file:   js/vendor/npm.js
	new file:   robots.txt
	new file:   tile-wide.png
	new file:   tile.png

kejingeng@kejins-MacBook-Pro web-project % git commit -m "My first commit, inline"
[master (root-commit) 1ac0d1e] My first commit, inline
 Committer: kejin geng <kejingeng@kejins-MacBook-Pro.local>
Your name and email address were configured automatically based
on your username and hostname. Please check that they are accurate.
You can suppress this message by setting them explicitly:

    git config --global user.name "Your Name"
    git config --global user.email you@example.com

After doing this, you may fix the identity used for this commit with:

    git commit --amend --reset-author

 29 files changed, 10594 insertions(+)
 create mode 100644 .htaccess
 create mode 100644 404.html
 create mode 100644 apple-touch-icon.png
 create mode 100644 browserconfig.xml
 create mode 100644 crossdomain.xml
 create mode 100644 css/bootstrap-theme.css
 create mode 100644 css/bootstrap-theme.css.map
 create mode 100644 css/bootstrap-theme.min.css
 create mode 100644 css/bootstrap.css
 create mode 100644 css/bootstrap.css.map
 create mode 100644 css/bootstrap.min.css
 create mode 100644 css/main.css
 create mode 100644 favicon.ico
 create mode 100644 fonts/glyphicons-halflings-regular.eot
 create mode 100644 fonts/glyphicons-halflings-regular.svg
 create mode 100644 fonts/glyphicons-halflings-regular.ttf
 create mode 100644 fonts/glyphicons-halflings-regular.woff
 create mode 100644 humans.txt
 create mode 100644 index.html
 create mode 100644 js/main.js
 create mode 100644 js/plugins.js
 create mode 100644 js/vendor/bootstrap.js
 create mode 100644 js/vendor/bootstrap.min.js
 create mode 100644 js/vendor/jquery-1.11.2.min.js
 create mode 100644 js/vendor/modernizr-2.8.3-respond-1.4.2.min.js
 create mode 100644 js/vendor/npm.js
 create mode 100644 robots.txt
 create mode 100644 tile-wide.png
 create mode 100644 tile.png
kejingeng@kejins-MacBook-Pro web-project % git status
On branch master
nothing to commit, working tree clean
kejingeng@kejins-MacBook-Pro web-project % ls -a;
.			.git			404.html		browserconfig.xml	css			fonts			img			js			tile-wide.png
..			.htaccess		apple-touch-icon.png	crossdomain.xml		favicon.ico		humans.txt		index.html		robots.txt		tile.png
kejingeng@kejins-MacBook-Pro web-project % ls -al
total 168
drwxr-xr-x@ 18 kejingeng  staff    576 Sep 19 06:54 .
drwxr-xr-x   6 kejingeng  staff    192 Sep 19 06:52 ..
drwxr-xr-x  12 kejingeng  staff    384 Sep 19 06:57 .git
-rw-r--r--@  1 kejingeng  staff  39014 Sep 19  2021 .htaccess
-rw-r--r--@  1 kejingeng  staff   1272 Sep 19  2021 404.html
-rw-r--r--@  1 kejingeng  staff   3959 Sep 19  2021 apple-touch-icon.png
-rw-r--r--@  1 kejingeng  staff    416 Sep 19  2021 browserconfig.xml
-rw-r--r--@  1 kejingeng  staff    603 Sep 19  2021 crossdomain.xml
drwxr-xr-x@  9 kejingeng  staff    288 Sep 19 06:51 css
-rw-r--r--@  1 kejingeng  staff    766 Sep 19  2021 favicon.ico
drwxr-xr-x@  6 kejingeng  staff    192 Sep 19 06:51 fonts
-rw-r--r--@  1 kejingeng  staff    191 Sep 19  2021 humans.txt
drwxr-xr-x@  2 kejingeng  staff     64 Sep 19  2021 img
-rw-r--r--@  1 kejingeng  staff   5329 Sep 19  2021 index.html
drwxr-xr-x@  5 kejingeng  staff    160 Sep 19 06:51 js
-rw-r--r--@  1 kejingeng  staff     78 Sep 19  2021 robots.txt
-rw-r--r--@  1 kejingeng  staff   1854 Sep 19  2021 tile-wide.png
-rw-r--r--@  1 kejingeng  staff   3482 Sep 19  2021 tile.png
kejingeng@kejins-MacBook-Pro web-project % rm -rf .git
kejingeng@kejins-MacBook-Pro web-project % ls
404.html		browserconfig.xml	css			fonts			img			js			tile-wide.png
apple-touch-icon.png	crossdomain.xml		favicon.ico		humans.txt		index.html		robots.txt		tile.png
kejingeng@kejins-MacBook-Pro web-project % cd ..
kejingeng@kejins-MacBook-Pro project % pwd
/Users/kejingeng/project
kejingeng@kejins-MacBook-Pro project % ls
starter-web	web-project
kejingeng@kejins-MacBook-Pro project % rm -rf web-project
kejingeng@kejins-MacBook-Pro project % ls
starter-web
kejingeng@kejins-MacBook-Pro project % cd starter-web
kejingeng@kejins-MacBook-Pro starter-web % ls
404.html				crossdomain.xml				fonts					index.html				robots.txt
README.md				css					hipster.txt				js					simple.html
apple-touch-icon-precomposed.png	favicon.ico				humans.txt				log
kejingeng@kejins-MacBook-Pro starter-web % ls -al
total 280
drwxr-xr-x  20 kejingeng  staff    640 Sep 19 06:33 .
drwxr-xr-x   5 kejingeng  staff    160 Sep 19 07:00 ..
-rw-r--r--@  1 kejingeng  staff   6148 Sep 19 05:08 .DS_Store
drwxr-xr-x  15 kejingeng  staff    480 Sep 19 06:33 .git
-rw-r--r--@  1 kejingeng  staff     15 Sep 19 06:15 .gitignore
-rw-r--r--   1 kejingeng  staff  29947 Sep 19 03:00 .htaccess
-rw-r--r--   1 kejingeng  staff   4459 Sep 19 03:00 404.html
-rw-r--r--   1 kejingeng  staff    133 Sep 19 03:00 README.md
-rw-r--r--   1 kejingeng  staff   1226 Sep 19 03:00 apple-touch-icon-precomposed.png
-rw-r--r--   1 kejingeng  staff    603 Sep 19 03:00 crossdomain.xml
drwxr-xr-x   9 kejingeng  staff    288 Sep 19 03:00 css
-rw-r--r--   1 kejingeng  staff    766 Sep 19 03:00 favicon.ico
drwxr-xr-x   6 kejingeng  staff    192 Sep 19 03:00 fonts
-rw-r--r--@  1 kejingeng  staff  50662 Sep 19 06:01 hipster.txt
-rw-r--r--   1 kejingeng  staff    191 Sep 19 03:00 humans.txt
-rw-r--r--   1 kejingeng  staff   5154 Sep 19 03:00 index.html
drwxr-xr-x   5 kejingeng  staff    160 Sep 19 03:00 js
drwxr-xr-x   3 kejingeng  staff     96 Sep 19 06:33 log
-rw-r--r--   1 kejingeng  staff     32 Sep 19 03:00 robots.txt
-rw-r--r--   1 kejingeng  staff    429 Sep 19 03:00 simple.html
kejingeng@kejins-MacBook-Pro starter-web % git status
On branch master
Your branch is ahead of 'origin/master' by 1 commit.
  (use "git push" to publish your local commits)

Changes not staged for commit:
  (use "git add <file>..." to update what will be committed)
  (use "git restore <file>..." to discard changes in working directory)
	modified:   .gitignore

no changes added to commit (use "git add" and/or "git commit -a")
kejingeng@kejins-MacBook-Pro starter-web % git add .gitignore
kejingeng@kejins-MacBook-Pro starter-web % git status
On branch master
Your branch is ahead of 'origin/master' by 1 commit.
  (use "git push" to publish your local commits)

Changes to be committed:
  (use "git restore --staged <file>..." to unstage)
	modified:   .gitignore

kejingeng@kejins-MacBook-Pro starter-web % git commit -m "Update ignore file"
[master 6452db7] Update ignore file
 Committer: kejin geng <kejingeng@kejins-MacBook-Pro.local>
Your name and email address were configured automatically based
on your username and hostname. Please check that they are accurate.
You can suppress this message by setting them explicitly:

    git config --global user.name "Your Name"
    git config --global user.email you@example.com

After doing this, you may fix the identity used for this commit with:

    git commit --amend --reset-author

 1 file changed, 2 insertions(+), 1 deletion(-)
kejingeng@kejins-MacBook-Pro starter-web % git status
On branch master
Your branch is ahead of 'origin/master' by 2 commits.
  (use "git push" to publish your local commits)

nothing to commit, working tree clean
kejingeng@kejins-MacBook-Pro starter-web % mate hipster.txt
kejingeng@kejins-MacBook-Pro starter-web % ls
404.html				crossdomain.xml				fonts					index.html				robots.txt
README.md				css					hipster.txt				js					simple.html
apple-touch-icon-precomposed.png	favicon.ico				humans.txt				log
kejingeng@kejins-MacBook-Pro starter-web % git status
On branch master
Your branch is ahead of 'origin/master' by 2 commits.
  (use "git push" to publish your local commits)

Changes not staged for commit:
  (use "git add <file>..." to update what will be committed)
  (use "git restore <file>..." to discard changes in working directory)
	modified:   hipster.txt

no changes added to commit (use "git add" and/or "git commit -a")
kejingeng@kejins-MacBook-Pro starter-web % git add hipster.txt
kejingeng@kejins-MacBook-Pro starter-web % git status
On branch master
Your branch is ahead of 'origin/master' by 2 commits.
  (use "git push" to publish your local commits)

Changes to be committed:
  (use "git restore --staged <file>..." to unstage)
	modified:   hipster.txt

kejingeng@kejins-MacBook-Pro starter-web % git commit -m "My first commit!"
dquote> q
dquote> exit
dquote> back
dquote> "
[master ef95a4b] My first commit q exit back
 Committer: kejin geng <kejingeng@kejins-MacBook-Pro.local>
Your name and email address were configured automatically based
on your username and hostname. Please check that they are accurate.
You can suppress this message by setting them explicitly:

    git config --global user.name "Your Name"
    git config --global user.email you@example.com

After doing this, you may fix the identity used for this commit with:

    git commit --amend --reset-author

 1 file changed, 350 insertions(+), 2196 deletions(-)
 rewrite hipster.txt (94%)
kejingeng@kejins-MacBook-Pro starter-web % git status
On branch master
Your branch is ahead of 'origin/master' by 3 commits.
  (use "git push" to publish your local commits)

nothing to commit, working tree clean
kejingeng@kejins-MacBook-Pro starter-web % git pull origin master
hint: Pulling without specifying how to reconcile divergent branches is
hint: discouraged. You can squelch this message by running one of the following
hint: commands sometime before your next pull:
hint: 
hint:   git config pull.rebase false  # merge (the default strategy)
hint:   git config pull.rebase true   # rebase
hint:   git config pull.ff only       # fast-forward only
hint: 
hint: You can replace "git config" with "git config --global" to set a default
hint: preference for all repositories. You can also pass --rebase, --no-rebase,
hint: or --ff-only on the command line to override the configured default per
hint: invocation.
From https://github.com/NobodyKJ/starter-web
 * branch            master     -> FETCH_HEAD
Already up to date.
kejingeng@kejins-MacBook-Pro starter-web % git push origin master
Enumerating objects: 11, done.
Counting objects: 100% (11/11), done.
Delta compression using up to 12 threads
Compressing objects: 100% (7/7), done.
Writing objects: 100% (9/9), 3.46 KiB | 3.46 MiB/s, done.
Total 9 (delta 3), reused 0 (delta 0), pack-reused 0
remote: Resolving deltas: 100% (3/3), completed with 1 local object.
To https://github.com/NobodyKJ/starter-web.git
   40f982a..ef95a4b  master -> master
kejingeng@kejins-MacBook-Pro starter-web % mate hipster.txt
kejingeng@kejins-MacBook-Pro starter-web % git status
On branch master
Your branch is up to date with 'origin/master'.

nothing to commit, working tree clean
kejingeng@kejins-MacBook-Pro starter-web % 
